
> termin-al-ator@0.1.0 dev
> vite


  [32m[1mVITE[22m v8.2.0[39m  [2mready in [0m[1m458[22m[2m[0m ms[22m

  [32m➜[39m  [1mLocal[22m:   [36mhttp://localhost:[1m5173[22m/[39m
[2m  [32m➜[39m  [1mNetwork[22m[2m: use [22m[1m--host[22m[2m to expose[22m
[2m11:05:26 PM[22m [36m[1m[vite][22m[39m [90m[2m(client)[22m[39m [32mhmr update [39m[2m/src/App.tsx, /src/pages/CategoryPage.tsx, /src/pages/ResultPage.tsx, /src/pages/QuizPage.tsx, /src/index.css[22m
[2m8:59:57 PM[22m [36m[1m[vite][22m[39m [90m[2m(client)[22m[39m [32mhmr update [39m[2m/src/App.tsx, /src/pages/CategoryPage.tsx, /src/pages/ResultPage.tsx, /src/pages/QuizPage.tsx, /src/index.css[22m
[2m9:00:08 PM[22m [36m[1m[vite][22m[39m [90m[2m(client)[22m[39m [32mhmr update [39m[2m/src/App.tsx, /src/pages/CategoryPage.tsx, /src/pages/ResultPage.tsx, /src/pages/QuizPage.tsx, /src/index.css[22m
[2m9:00:20 PM[22m [36m[1m[vite][22m[39m [90m[2m(client)[22m[39m [32mhmr update [39m[2m/src/App.tsx, /src/pages/CategoryPage.tsx, /src/pages/ResultPage.tsx, /src/pages/QuizPage.tsx, /src/index.css[22m
[2m9:00:30 PM[22m [36m[1m[vite][22m[39m [90m[2m(client)[22m[39m [32mhmr update [39m[2m/src/App.tsx, /src/pages/CategoryPage.tsx, /src/pages/ResultPage.tsx, /src/pages/QuizPage.tsx, /src/index.css[22m
[2m9:00:43 PM[22m [36m[1m[vite][22m[39m [90m[2m(client)[22m[39m [32mhmr update [39m[2m/src/App.tsx, /src/pages/CategoryPage.tsx, /src/pages/ResultPage.tsx, /src/pages/QuizPage.tsx, /src/index.css[22m
[2m9:00:50 PM[22m [36m[1m[vite][22m[39m [90m[2m(client)[22m[39m [32mhmr update [39m[2m/src/App.tsx, /src/pages/CategoryPage.tsx, /src/pages/ResultPage.tsx, /src/pages/QuizPage.tsx, /src/index.css[22m
[2m9:02:37 PM[22m [36m[1m[vite][22m[39m [90m[2m(client)[22m[39m [32mhmr update [39m[2m/src/App.tsx, /src/pages/CategoryPage.tsx, /src/pages/ResultPage.tsx, /src/pages/QuizPage.tsx, /src/index.css[22m
[2m10:55:24 PM[22m [36m[1m[vite][22m[39m [90m[2m(client)[22m[39m [32mhmr update [39m[2m/src/App.tsx, /src/pages/CategoryPage.tsx, /src/pages/ResultPage.tsx, /src/pages/QuizPage.tsx, /src/index.css[22m
[2m10:56:18 PM[22m [36m[1m[vite][22m[39m [90m[2m(client)[22m[39m [32mhmr update [39m[2m/src/App.tsx, /src/pages/CategoryPage.tsx, /src/pages/ResultPage.tsx, /src/pages/QuizPage.tsx, /src/index.css[22m
[2m10:56:52 PM[22m [36m[1m[vite][22m[39m [90m[2m(client)[22m[39m [32mhmr update [39m[2m/src/index.css, /src/pages/ResultPage.tsx, /src/pages/QuizPage.tsx[22m
[2m10:57:24 PM[22m [36m[1m[vite][22m[39m [90m[2m(client)[22m[39m [32mhmr update [39m[2m/src/App.tsx, /src/index.css[22m
[2m10:57:33 PM[22m [36m[1m[vite][22m[39m [90m[2m(client)[22m[39m [32mhmr update [39m[2m/src/pages/QuizPage.tsx, /src/index.css[22m
[2m10:57:40 PM[22m [36m[1m[vite][22m[39m [90m[2m(client)[22m[39m [32mhmr update [39m[2m/src/pages/ResultPage.tsx, /src/index.css[22m
[2m10:57:45 PM[22m [36m[1m[vite][22m[39m [90m[2m(client)[22m[39m [32mhmr update [39m[2m/src/index.css, /src/components/StatusBar.tsx[22m
[2m11:06:16 PM[22m [36m[1m[vite][22m[39m [90m[2m(client)[22m[39m [32mhmr update [39m[2m/src/index.css, /src/App.tsx, /src/pages/QuizPage.tsx, /src/pages/ResultPage.tsx, /src/pages/LevelPage.tsx, /src/components/StatusBar.tsx[22m
[2m11:06:21 PM[22m [36m[1m[vite][22m[39m [90m[2m(client)[22m[39m [32mhmr update [39m[2m/src/index.css, /src/pages/LevelPage.tsx[22m
[2m11:06:36 PM[22m [36m[1m[vite][22m[39m [90m[2m(client)[22m[39m [32mhmr update [39m[2m/src/index.css, /src/App.tsx, /src/pages/CategoryPage.tsx, /src/pages/ResultPage.tsx, /src/pages/QuizPage.tsx, /src/pages/LevelPage.tsx[22m
[2m11:06:40 PM[22m [36m[1m[vite][22m[39m [90m[2m(client)[22m[39m [32mhmr update [39m[2m/src/pages/QuizPage.tsx, /src/index.css[22m
[2m11:06:41 PM[22m [36m[1m[vite][22m[39m [90m[2m(client)[22m[39m [32mhmr update [39m[2m/src/pages/ResultPage.tsx, /src/index.css[22m
[2m11:21:44 PM[22m [36m[1m[vite][22m[39m [90m[2m(client)[22m[39m [32mhmr update [39m[2m/src/App.tsx, /src/pages/CategoryPage.tsx, /src/pages/ResultPage.tsx, /src/pages/QuizPage.tsx, /src/pages/LevelPage.tsx, /src/index.css[22m
[2m11:22:52 PM[22m [36m[1m[vite][22m[39m [90m[2m(client)[22m[39m [32mhmr update [39m[2m/src/index.css, /src/App.tsx, /src/pages/CategoryPage.tsx, /src/pages/ResultPage.tsx, /src/pages/QuizPage.tsx, /src/pages/LevelPage.tsx[22m
[2m11:23:01 PM[22m [36m[1m[vite][22m[39m [90m[2m(client)[22m[39m [32mhmr update [39m[2m/src/App.tsx, /src/index.css[22m
[2m11:23:07 PM[22m [36m[1m[vite][22m[39m [90m[2m(client)[22m[39m [32mhmr update [39m[2m/src/index.css, /src/pages/ResultPage.tsx, /src/pages/QuizPage.tsx, /src/pages/LevelPage.tsx[22m
[2m11:23:22 PM[22m [36m[1m[vite][22m[39m [90m[2m(client)[22m[39m [32mhmr update [39m[2m/src/pages/QuizPage.tsx, /src/index.css[22m
[2m11:23:32 PM[22m [36m[1m[vite][22m[39m [90m[2m(client)[22m[39m [32mhmr update [39m[2m/src/pages/ResultPage.tsx, /src/index.css[22m
[2m11:23:38 PM[22m [36m[1m[vite][22m[39m [90m[2m(client)[22m[39m [32mhmr update [39m[2m/src/index.css, /src/components/StatusBar.tsx[22m
[2m11:33:48 PM[22m [36m[1m[vite][22m[39m [90m[2m(client)[22m[39m [32mhmr update [39m[2m/src/index.css, /src/pages/QuizPage.tsx[22m
